
  .   ____          _            __ _ _
 /\\ / ___'_ __ _ _(_)_ __  __ _ \ \ \ \
( ( )\___ | '_ | '_| | '_ \/ _` | \ \ \ \
 \\/  ___)| |_)| | | | | || (_| |  ) ) ) )
  '  |____| .__|_| |_|_| |_\__, | / / / /
 =========|_|==============|___/=/_/_/_/

 :: Spring Boot ::                (v3.3.4)

2026-09-30T19:43:16.862+05:30  INFO 11884 --- [ai-quiz-generator] [           main] com.aiquiz.AiQuizApplication             : Starting AiQuizApplication v1.0.0 using Java 21.0.12.1 with PID 11884 (D:\Java Projects\AI_Quiz_Generator\backend\target\ai-quiz-generator-1.0.0.jar started by Md Tahir in D:\Java Projects\AI_Quiz_Generator)
2026-09-30T19:43:16.874+05:30  INFO 11884 --- [ai-quiz-generator] [           main] com.aiquiz.AiQuizApplication             : No active profile set, falling back to 1 default profile: "default"
2026-09-30T19:43:19.563+05:30  INFO 11884 --- [ai-quiz-generator] [           main] .s.d.r.c.RepositoryConfigurationDelegate : Bootstrapping Spring Data JPA repositories in DEFAULT mode.
2026-09-30T19:43:19.780+05:30  INFO 11884 --- [ai-quiz-generator] [           main] .s.d.r.c.RepositoryConfigurationDelegate : Finished Spring Data repository scanning in 177 ms. Found 4 JPA repository interfaces.
2026-09-30T19:43:21.451+05:30  INFO 11884 --- [ai-quiz-generator] [           main] o.s.b.w.embedded.tomcat.TomcatWebServer  : Tomcat initialized with port 8080 (http)
2026-09-30T19:43:21.483+05:30  INFO 11884 --- [ai-quiz-generator] [           main] o.apache.catalina.core.StandardService   : Starting service [Tomcat]
2026-09-30T19:43:21.485+05:30  INFO 11884 --- [ai-quiz-generator] [           main] o.apache.catalina.core.StandardEngine    : Starting Servlet engine: [Apache Tomcat/10.1.30]
2026-09-30T19:43:21.575+05:30  INFO 11884 --- [ai-quiz-generator] [           main] o.a.c.c.C.[Tomcat].[localhost].[/]       : Initializing Spring embedded WebApplicationContext
2026-09-30T19:43:21.578+05:30  INFO 11884 --- [ai-quiz-generator] [           main] w.s.c.ServletWebServerApplicationContext : Root WebApplicationContext: initialization completed in 4538 ms
2026-09-30T19:43:22.181+05:30  INFO 11884 --- [ai-quiz-generator] [           main] o.hibernate.jpa.internal.util.LogHelper  : HHH000204: Processing PersistenceUnitInfo [name: default]
2026-09-30T19:43:22.391+05:30  INFO 11884 --- [ai-quiz-generator] [           main] org.hibernate.Version                    : HHH000412: Hibernate ORM core version 6.5.3.Final
2026-09-30T19:43:22.467+05:30  INFO 11884 --- [ai-quiz-generator] [           main] o.h.c.internal.RegionFactoryInitiator    : HHH000026: Second-level cache disabled
2026-09-30T19:43:23.645+05:30  INFO 11884 --- [ai-quiz-generator] [           main] o.s.o.j.p.SpringPersistenceUnitInfo      : No LoadTimeWeaver setup: ignoring JPA class transformer
2026-09-30T19:43:23.747+05:30  INFO 11884 --- [ai-quiz-generator] [           main] com.zaxxer.hikari.HikariDataSource       : HikariPool-1 - Starting...
2026-09-30T19:43:24.214+05:30  INFO 11884 --- [ai-quiz-generator] [           main] com.zaxxer.hikari.pool.HikariPool        : HikariPool-1 - Added connection com.mysql.cj.jdbc.ConnectionImpl@58b97c15
2026-09-30T19:43:24.222+05:30  INFO 11884 --- [ai-quiz-generator] [           main] com.zaxxer.hikari.HikariDataSource       : HikariPool-1 - Start completed.
2026-09-30T19:43:24.344+05:30  WARN 11884 --- [ai-quiz-generator] [           main] org.hibernate.orm.deprecation            : HHH90000025: MySQLDialect does not need to be specified explicitly using 'hibernate.dialect' (remove the property setting and it will be selected by default)
2026-09-30T19:43:27.173+05:30  INFO 11884 --- [ai-quiz-generator] [           main] o.h.e.t.j.p.i.JtaPlatformInitiator       : HHH000489: No JTA platform available (set 'hibernate.transaction.jta.platform' to enable JTA platform integration)
2026-09-30T19:43:27.414+05:30  INFO 11884 --- [ai-quiz-generator] [           main] j.LocalContainerEntityManagerFactoryBean : Initialized JPA EntityManagerFactory for persistence unit 'default'
2026-09-30T19:43:28.432+05:30  INFO 11884 --- [ai-quiz-generator] [           main] o.s.d.j.r.query.QueryEnhancerFactory     : Hibernate is in classpath; If applicable, HQL parser will be used.
2026-09-30T19:43:30.593+05:30  WARN 11884 --- [ai-quiz-generator] [           main] JpaBaseConfiguration$JpaWebConfiguration : spring.jpa.open-in-view is enabled by default. Therefore, database queries may be performed during view rendering. Explicitly configure spring.jpa.open-in-view to disable this warning
2026-09-30T19:43:32.013+05:30  INFO 11884 --- [ai-quiz-generator] [           main] o.s.b.w.embedded.tomcat.TomcatWebServer  : Tomcat started on port 8080 (http) with context path '/'
2026-09-30T19:43:32.064+05:30  INFO 11884 --- [ai-quiz-generator] [           main] com.aiquiz.AiQuizApplication             : Started AiQuizApplication in 16.411 seconds (process running for 17.917)
